<?xml version="1.0" encoding="utf-8"?><testsuites><testsuite name="pytest" errors="0" failures="0" skipped="0" tests="10" time="0.315" timestamp="2023-12-16T12:02:23.765062" hostname="dev"><testcase classname="spotlesssquad.tests.test_calc" name="test_add" time="0.000" /><testcase classname="spotlesssquad.tests.test_user_update" name="test_update_user_name_1" time="0.016" /><testcase classname="spotlesssquad.tests.test_user_update" name="test_update_user_name_2" time="0.006" /><testcase classname="spotlesssquad.tests.test_user_update" name="test_update_user_password_1" time="0.007" /><testcase classname="spotlesssquad.tests.test_user_update" name="test_update_user_password_2" time="0.005" /><testcase classname="spotlesssquad.tests.test_user_update" name="test_update_user_password_3" time="0.003" /><testcase classname="spotlesssquad.tests.test_user_update" name="test_update_user_phone_1" time="0.004" /><testcase classname="spotlesssquad.tests.test_user_update" name="test_update_user_phone_2" time="0.004" /><testcase classname="spotlesssquad.tests.test_user_update" name="test_update_user_phone_3" time="0.008" /><testcase classname="spotlesssquad.tests.test_user_update" name="test_update_user_phone_4" time="0.005" /></testsuite></testsuites>